[    0.000000] Linux version 4.15.0-212-generic (buildd@lcy02-amd64-083) (gcc version 7.5.0 (Ubuntu 7.5.0-3ubuntu1~18.04)) #223-Ubuntu SMP Tue May 23 13:09:22 UTC 2023 (Ubuntu 4.15.0-212.223-generic 4.15.18)
[    0.000000] Command line: BOOT_IMAGE=/boot/vmlinuz-4.15.0-212-generic root=LABEL=cloudimg-rootfs ro console=tty1 console=ttyS0
[    0.000000] KERNEL supported cpus:
[    0.000000]   Intel GenuineIntel
[    0.000000]   AMD AuthenticAMD
[    0.000000]   Centaur CentaurHauls
[    0.000000] [Firmware Bug]: TSC doesn't count with P0 frequency!
[    0.000000] x86/fpu: x87 FPU will use FXSAVE
[    0.000000] e820: BIOS-provided physical RAM map:
[    0.000000] BIOS-e820: [mem 0x0000000000000000-0x000000000009fbff] usable
[    0.000000] BIOS-e820: [mem 0x000000000009fc00-0x000000000009ffff] reserved
[    0.000000] BIOS-e820: [mem 0x00000000000f0000-0x00000000000fffff] reserved
[    0.000000] BIOS-e820: [mem 0x0000000000100000-0x000000001ffeffff] usable
[    0.000000] BIOS-e820: [mem 0x000000001fff0000-0x000000001fffffff] ACPI data
[    0.000000] BIOS-e820: [mem 0x00000000fec00000-0x00000000fec00fff] reserved
[    0.000000] BIOS-e820: [mem 0x00000000fee00000-0x00000000fee00fff] reserved
[    0.000000] BIOS-e820: [mem 0x00000000fffc0000-0x00000000ffffffff] reserved
[    0.000000] NX (Execute Disable) protection: active
[    0.000000] SMBIOS 2.5 present.
[    0.000000] DMI: innotek GmbH VirtualBox/VirtualBox, BIOS VirtualBox 12/01/2006
[    0.000000] Hypervisor detected: KVM
[    0.000000] e820: last_pfn = 0x1fff0 max_arch_pfn = 0x400000000
[    0.000000] x86/PAT: Configuration [0-7]: WB  WC  UC- UC  WB  WP  UC- WT  
[    0.000000] CPU MTRRs all blank - virtualized system.
[    0.000000] found SMP MP-table at [mem 0x0009fbf0-0x0009fbff]
[    0.000000] Scanning 1 areas for low memory corruption
[    0.000000] RAMDISK: [mem 0x1db01000-0x1ee12fff]
[    0.000000] ACPI: Early table checksum verification disabled
[    0.000000] ACPI: RSDP 0x00000000000E0000 000024 (v02 VBOX  )
[    0.000000] ACPI: XSDT 0x000000001FFF0030 00003C (v01 VBOX   VBOXXSDT 00000001 ASL  00000061)
[    0.000000] ACPI: FACP 0x000000001FFF00F0 0000F4 (v04 VBOX   VBOXFACP 00000001 ASL  00000061)
[    0.000000] ACPI: DSDT 0x000000001FFF0610 002353 (v02 VBOX   VBOXBIOS 00000002 INTL 20100528)
[    0.000000] ACPI: FACS 0x000000001FFF0200 000040
[    0.000000] ACPI: FACS 0x000000001FFF0200 000040
[    0.000000] ACPI: APIC 0x000000001FFF0240 000054 (v02 VBOX   VBOXAPIC 00000001 ASL  00000061)
[    0.000000] ACPI: SSDT 0x000000001FFF02A0 00036C (v01 VBOX   VBOXCPUT 00000002 INTL 20100528)
[    0.000000] ACPI: Reserving FACP table memory at [mem 0x1fff00f0-0x1fff01e3]
[    0.000000] ACPI: Reserving DSDT table memory at [mem 0x1fff0610-0x1fff2962]
[    0.000000] ACPI: Reserving FACS table memory at [mem 0x1fff0200-0x1fff023f]
[    0.000000] ACPI: Reserving FACS table memory at [mem 0x1fff0200-0x1fff023f]
[    0.000000] ACPI: Reserving APIC table memory at [mem 0x1fff0240-0x1fff0293]
[    0.000000] ACPI: Reserving SSDT table memory at [mem 0x1fff02a0-0x1fff060b]
[    0.000000] No NUMA configuration found
[    0.000000] Faking a node at [mem 0x0000000000000000-0x000000001ffeffff]
[    0.000000] NODE_DATA(0) allocated [mem 0x1ffc5000-0x1ffeffff]
[    0.000000] kvm-clock: cpu 0, msr 0:1ff44001, primary cpu clock
[    0.000000] kvm-clock: Using msrs 4b564d01 and 4b564d00
[    0.000000] kvm-clock: using sched offset of 3205492298 cycles
[    0.000000] clocksource: kvm-clock: mask: 0xffffffffffffffff max_cycles: 0x1cd42e4dffb, max_idle_ns: 881590591483 ns
[    0.000000] Zone ranges:
[    0.000000]   DMA      [mem 0x0000000000001000-0x0000000000ffffff]
[    0.000000]   DMA32    [mem 0x0000000001000000-0x000000001ffeffff]
[    0.000000]   Normal   empty
[    0.000000]   Device   empty
[    0.000000] Movable zone start for each node
[    0.000000] Early memory node ranges
[    0.000000]   node   0: [mem 0x0000000000001000-0x000000000009efff]
[    0.000000]   node   0: [mem 0x0000000000100000-0x000000001ffeffff]
[    0.000000] Reserved but unavailable: 104 pages
[    0.000000] Initmem setup node 0 [mem 0x0000000000001000-0x000000001ffeffff]
[    0.000000] ACPI: PM-Timer IO Port: 0x4008
[    0.000000] IOAPIC[0]: apic_id 1, version 32, address 0xfec00000, GSI 0-23
[    0.000000] ACPI: INT_SRC_OVR (bus 0 bus_irq 0 global_irq 2 dfl dfl)
[    0.000000] ACPI: INT_SRC_OVR (bus 0 bus_irq 9 global_irq 9 low level)
[    0.000000] Using ACPI (MADT) for SMP configuration information
[    0.000000] smpboot: Allowing 1 CPUs, 0 hotplug CPUs
[    0.000000] PM: Registered nosave memory: [mem 0x00000000-0x00000fff]
[    0.000000] PM: Registered nosave memory: [mem 0x0009f000-0x0009ffff]
[    0.000000] PM: Registered nosave memory: [mem 0x000a0000-0x000effff]
[    0.000000] PM: Registered nosave memory: [mem 0x000f0000-0x000fffff]
[    0.000000] e820: [mem 0x20000000-0xfebfffff] available for PCI devices
[    0.000000] Booting paravirtualized kernel on KVM
[    0.000000] clocksource: refined-jiffies: mask: 0xffffffff max_cycles: 0xffffffff, max_idle_ns: 7645519600211568 ns
[    0.000000] setup_percpu: NR_CPUS:8192 nr_cpumask_bits:1 nr_cpu_ids:1 nr_node_ids:1
[    0.000000] percpu: Embedded 50 pages/cpu s167936 r8192 d28672 u2097152
[    0.000000] PV qspinlock hash table entries: 256 (order: 0, 4096 bytes)
[    0.000000] Built 1 zonelists, mobility grouping on.  Total pages: 128889
[    0.000000] Policy zone: DMA32
[    0.000000] Kernel command line: BOOT_IMAGE=/boot/vmlinuz-4.15.0-212-generic root=LABEL=cloudimg-rootfs ro console=tty1 console=ttyS0
[    0.000000] Memory: 466748K/523832K available (12300K kernel code, 2477K rwdata, 4324K rodata, 2480K init, 2720K bss, 57084K reserved, 0K cma-reserved)
[    0.000000] SLUB: HWalign=64, Order=0-3, MinObjects=0, CPUs=1, Nodes=1
[    0.000000] ftrace: allocating 39508 entries in 155 pages
[    0.004000] Hierarchical RCU implementation.
[    0.004000] 	RCU restricting CPUs from NR_CPUS=8192 to nr_cpu_ids=1.
[    0.004000] 	Tasks RCU enabled.
[    0.004000] RCU: Adjusting geometry for rcu_fanout_leaf=16, nr_cpu_ids=1
[    0.004000] NR_IRQS: 524544, nr_irqs: 256, preallocated irqs: 16
[    0.004000] random: crng init done
[    0.004000] Console: colour VGA+ 80x25
[    0.004000] console [tty1] enabled
[    0.004000] console [ttyS0] enabled
[    0.004000] ACPI: Core revision 20170831
[    0.004000] ACPI: 2 ACPI AML tables successfully acquired and loaded
[    0.004000] APIC: Switch to symmetric I/O mode setup
[    0.004000] ..TIMER: vector=0x30 apic1=0 pin1=2 apic2=-1 pin2=-1
[    0.004004] tsc: Detected 3800.034 MHz processor
[    0.008005] Calibrating delay loop (skipped) preset value.. 7600.06 BogoMIPS (lpj=15200136)
[    0.011113] pid_max: default: 32768 minimum: 301
[    0.012020] Security Framework initialized
[    0.013631] Yama: becoming mindful.
[    0.016013] AppArmor: AppArmor initialized
[    0.017657] Dentry cache hash table entries: 65536 (order: 7, 524288 bytes)
[    0.020016] Inode-cache hash table entries: 32768 (order: 6, 262144 bytes)
[    0.022552] Mount-cache hash table entries: 1024 (order: 1, 8192 bytes)
[    0.024003] Mountpoint-cache hash table entries: 1024 (order: 1, 8192 bytes)
[    0.028719] CPU0: Hyper-Threading is disabled
[    0.030504] Last level iTLB entries: 4KB 512, 2MB 512, 4MB 256
[    0.032002] Last level dTLB entries: 4KB 2048, 2MB 2048, 4MB 1024, 1GB 0
[    0.036002] Spectre V1 : Mitigation: usercopy/swapgs barriers and __user pointer sanitization
[    0.039137] Spectre V2 : Mitigation: Retpolines
[    0.040001] Spectre V2 : Spectre v2 / SpectreRSB mitigation: Filling RSB on context switch
[    0.044001] Spectre V2 : Spectre v2 / SpectreRSB : Filling RSB on VMEXIT
[    0.048000] Freeing SMP alternatives memory: 36K
[    0.156211] smpboot: CPU0: AMD Ryzen 7 5800X 8-Core Processor (family: 0x19, model: 0x21, stepping: 0x2)
[    0.160053] Performance Events: PMU not available due to virtualization, using software events only.
[    0.164024] Hierarchical SRCU implementation.
[    0.166284] NMI watchdog: Perf event create on CPU 0 failed with -2
[    0.168001] NMI watchdog: Perf NMI watchdog permanently disabled
[    0.172023] smp: Bringing up secondary CPUs ...
[    0.173959] smp: Brought up 1 node, 1 CPU
[    0.175696] smpboot: Max logical packages: 1
[    0.176002] smpboot: Total of 1 processors activated (7600.06 BogoMIPS)
[    0.180096] devtmpfs: initialized
[    0.181619] x86/mm: Memory block size: 128MB
[    0.183489] evm: security.selinux
[    0.184003] evm: security.SMACK64
[    0.185537] evm: security.SMACK64EXEC
[    0.188002] evm: security.SMACK64TRANSMUTE
[    0.189532] evm: security.SMACK64MMAP
[    0.191319] evm: security.apparmor
[    0.192002] evm: security.ima
[    0.193182] evm: security.capability
[    0.194600] clocksource: jiffies: mask: 0xffffffff max_cycles: 0xffffffff, max_idle_ns: 7645041785100000 ns
[    0.196007] futex hash table entries: 256 (order: 2, 16384 bytes)
[    0.200026] pinctrl core: initialized pinctrl subsystem
[    0.204001] RTC time: 20:57:18, date: 11/12/24
[    0.205710] NET: Registered protocol family 16
[    0.207398] audit: initializing netlink subsys (disabled)
[    0.208065] cpuidle: using governor ladder
[    0.209683] cpuidle: using governor menu
[    0.213016] audit: type=2000 audit(1731445043.603:1): state=initialized audit_enabled=0 res=1
[    0.216064] ACPI: bus type PCI registered
[    0.217572] acpiphp: ACPI Hot Plug PCI Controller Driver version: 0.5
[    0.220154] PCI: Using configuration type 1 for base access
[    0.222671] PCI: Using configuration type 1 for extended access
[    0.224562] HugeTLB registered 2.00 MiB page size, pre-allocated 0 pages
[    0.228085] ACPI: Added _OSI(Module Device)
[    0.229654] ACPI: Added _OSI(Processor Device)
[    0.232002] ACPI: Added _OSI(3.0 _SCP Extensions)
[    0.233842] ACPI: Added _OSI(Processor Aggregator Device)
[    0.236005] ACPI: Added _OSI(Linux-Dell-Video)
[    0.237645] ACPI: Added _OSI(Linux-Lenovo-NV-HDMI-Audio)
[    0.240009] ACPI: Added _OSI(Linux-HPI-Hybrid-Graphics)
[    0.242306] ACPI: Executed 1 blocks of module-level executable AML code
[    0.246594] ACPI: Interpreter enabled
[    0.248008] ACPI: (supports S0 S5)
[    0.249300] ACPI: Using IOAPIC for interrupt routing
[    0.252232] PCI: Using host bridge windows from ACPI; if necessary, use "pci=nocrs" and report a bug
[    0.256254] ACPI: Enabled 2 GPEs in block 00 to 07
[    0.263811] ACPI: PCI Root Bridge [PCI0] (domain 0000 [bus 00-ff])
[    0.264005] acpi PNP0A03:00: _OSC: OS supports [ExtendedConfig ASPM ClockPM Segments MSI]
[    0.268989] acpi PNP0A03:00: _OSC: platform does not support [PCIeCapability]
[    0.272475] acpi PNP0A03:00: _OSC: not requesting control; platform does not support [PCIeCapability]
[    0.276003] acpi PNP0A03:00: _OSC: OS requested [PCIeHotplug PME AER PCIeCapability]
[    0.278920] acpi PNP0A03:00: _OSC: platform willing to grant [PCIeHotplug PME AER]
[    0.280002] acpi PNP0A03:00: _OSC failed (AE_SUPPORT); disabling ASPM
[    0.284347] PCI host bridge to bus 0000:00
[    0.285910] pci_bus 0000:00: root bus resource [io  0x0000-0x0cf7 window]
[    0.288002] pci_bus 0000:00: root bus resource [io  0x0d00-0xffff window]
[    0.292002] pci_bus 0000:00: root bus resource [mem 0x000a0000-0x000bffff window]
[    0.294726] pci_bus 0000:00: root bus resource [mem 0x20000000-0xfdffffff window]
[    0.296002] pci_bus 0000:00: root bus resource [bus 00-ff]
[    0.302586] pci 0000:00:01.1: legacy IDE quirk: reg 0x10: [io  0x01f0-0x01f7]
[    0.304002] pci 0000:00:01.1: legacy IDE quirk: reg 0x14: [io  0x03f6]
[    0.306346] pci 0000:00:01.1: legacy IDE quirk: reg 0x18: [io  0x0170-0x0177]
[    0.308002] pci 0000:00:01.1: legacy IDE quirk: reg 0x1c: [io  0x0376]
[    0.322452] pci 0000:00:07.0: quirk: [io  0x4000-0x403f] claimed by PIIX4 ACPI
[    0.324017] pci 0000:00:07.0: quirk: [io  0x4100-0x410f] claimed by PIIX4 SMB
[    0.332363] ACPI: PCI Interrupt Link [LNKA] (IRQs 5 9 10 *11)
[    0.334769] ACPI: PCI Interrupt Link [LNKB] (IRQs 5 9 *10 11)
[    0.336117] ACPI: PCI Interrupt Link [LNKC] (IRQs 5 *9 10 11)
[    0.338340] ACPI: PCI Interrupt Link [LNKD] (IRQs 5 9 10 *11)
[    0.340229] SCSI subsystem initialized
[    0.341714] pci 0000:00:02.0: vgaarb: setting as boot VGA device
[    0.343935] pci 0000:00:02.0: vgaarb: VGA device added: decodes=io+mem,owns=io+mem,locks=none
[    0.344002] pci 0000:00:02.0: vgaarb: bridge control possible
[    0.346100] vgaarb: loaded
[    0.347168] ACPI: bus type USB registered
[    0.348014] usbcore: registered new interface driver usbfs
[    0.350058] usbcore: registered new interface driver hub
[    0.352007] usbcore: registered new device driver usb
[    0.356034] EDAC MC: Ver: 3.0.0
[    0.357598] PCI: Using ACPI for IRQ routing
[    0.359504] NetLabel: Initializing
[    0.360001] NetLabel:  domain hash size = 128
[    0.361657] NetLabel:  protocols = UNLABELED CIPSOv4 CALIPSO
[    0.364012] NetLabel:  unlabeled traffic allowed by default
[    0.366150] clocksource: Switched to clocksource kvm-clock
[    0.383234] VFS: Disk quotas dquot_6.6.0
[    0.387172] VFS: Dquot-cache hash table entries: 512 (order 0, 4096 bytes)
[    0.390159] AppArmor: AppArmor Filesystem Enabled
[    0.392097] pnp: PnP ACPI init
[    0.394210] pnp: PnP ACPI: found 3 devices
[    0.401777] clocksource: acpi_pm: mask: 0xffffff max_cycles: 0xffffff, max_idle_ns: 2085701024 ns
[    0.405250] NET: Registered protocol family 2
[    0.407031] IP idents hash table entries: 8192 (order: 4, 65536 bytes)
[    0.409723] TCP established hash table entries: 4096 (order: 3, 32768 bytes)
[    0.412633] TCP bind hash table entries: 4096 (order: 4, 65536 bytes)
[    0.415740] TCP: Hash tables configured (established 4096 bind 4096)
[    0.418288] UDP hash table entries: 256 (order: 1, 8192 bytes)
[    0.420569] UDP-Lite hash table entries: 256 (order: 1, 8192 bytes)
[    0.422917] NET: Registered protocol family 1
[    0.424625] pci 0000:00:00.0: Limiting direct PCI/PCI transfers
[    0.426830] pci 0000:00:01.0: Activating ISA DMA hang workarounds
[    0.429213] pci 0000:00:02.0: Video device with shadowed ROM at [mem 0x000c0000-0x000dffff]
[    0.432559] Unpacking initramfs...
[    0.676327] Freeing initrd memory: 19528K
[    0.678052] clocksource: tsc: mask: 0xffffffffffffffff max_cycles: 0x6d8cf157bba, max_idle_ns: 881591204670 ns
[    0.682113] platform rtc_cmos: registered platform RTC device (no PNP device found)
[    0.685146] Scanning for low memory corruption every 60 seconds
[    0.687683] Initialise system trusted keyrings
[    0.689454] Key type blacklist registered
[    0.690997] workingset: timestamp_bits=36 max_order=17 bucket_order=0
[    0.694502] zbud: loaded
[    0.696019] squashfs: version 4.0 (2009/01/31) Phillip Lougher
[    0.698373] fuse init (API version 7.26)
[    0.700914] Key type asymmetric registered
[    0.702567] Asymmetric key parser 'x509' registered
[    0.704618] Block layer SCSI generic (bsg) driver version 0.4 loaded (major 246)
[    0.707376] io scheduler noop registered
[    0.708919] io scheduler deadline registered
[    0.710692] io scheduler cfq registered (default)
[    0.713439] ACPI: AC Adapter [AC] (on-line)
[    0.715698] input: Power Button as /devices/LNXSYSTM:00/LNXPWRBN:00/input/input0
[    0.718499] ACPI: Power Button [PWRF]
[    0.719951] input: Sleep Button as /devices/LNXSYSTM:00/LNXSLPBN:00/input/input1
[    0.722758] ACPI: Sleep Button [SLPF]
[    0.724577] Serial: 8250/16550 driver, 32 ports, IRQ sharing enabled
[    0.750478] 00:02: ttyS0 at I/O 0x3f8 (irq = 4, base_baud = 115200) is a 16550A
[    0.754877] Linux agpgart interface v0.103
[    0.757863] loop: module loaded
[    0.759894] scsi host0: ata_piix
[    0.761320] scsi host1: ata_piix
[    0.762686] ata1: PATA max UDMA/33 cmd 0x1f0 ctl 0x3f6 bmdma 0xd000 irq 14
[    0.765406] ata2: PATA max UDMA/33 cmd 0x170 ctl 0x376 bmdma 0xd008 irq 15
[    0.769076] tun: Universal TUN/TAP device driver, 1.6
[    0.772524] PPP generic driver version 2.4.2
[    0.774193] ehci_hcd: USB 2.0 'Enhanced' Host Controller (EHCI) Driver
[    0.776671] ehci-pci: EHCI PCI platform driver
[    0.778703] ehci-platform: EHCI generic platform driver
[    0.780841] ohci_hcd: USB 1.1 'Open' Host Controller (OHCI) Driver
[    0.783104] ohci-pci: OHCI PCI platform driver
[    0.784828] ohci-platform: OHCI generic platform driver
[    0.786779] uhci_hcd: USB Universal Host Controller Interface driver
[    0.789373] i8042: PNP: PS/2 Controller [PNP0303:PS2K,PNP0f03:PS2M] at 0x60,0x64 irq 1,12
[    0.793800] serio: i8042 KBD port at 0x60,0x64 irq 1
[    0.795734] serio: i8042 AUX port at 0x60,0x64 irq 12
[    0.797726] mousedev: PS/2 mouse device common for all mice
[    0.800442] input: AT Translated Set 2 keyboard as /devices/platform/i8042/serio0/input/input2
[    0.804178] rtc_cmos rtc_cmos: rtc core: registered rtc_cmos as rtc0
[    0.806713] rtc_cmos rtc_cmos: alarms up to one day, 114 bytes nvram
[    0.809515] i2c /dev entries driver
[    0.810893] device-mapper: uevent: version 1.0.3
[    0.812718] device-mapper: ioctl: 4.37.0-ioctl (2017-09-20) initialised: dm-devel@redhat.com
[    0.815775] ledtrig-cpu: registered to indicate activity on CPUs
[    0.818202] NET: Registered protocol family 10
[    0.821865] Segment Routing with IPv6
[    0.823281] NET: Registered protocol family 17
[    0.825017] Key type dns_resolver registered
[    0.826667] mce: Using 0 MCE banks
[    0.828065] RAS: Correctable Errors collector initialized.
[    0.830109] sched_clock: Marking stable (828011245, 0)->(1106920225, -278908980)
[    0.833140] registered taskstats version 1
[    0.834673] Loading compiled-in X.509 certificates
[    0.837620] Loaded X.509 cert 'Build time autogenerated kernel key: b5b26778eaa3ab3a4a6cee031137706e947d12ad'
[    0.841525] Loaded X.509 cert 'Canonical Ltd. Live Patch Signing: 14df34d1a87cf37625abec039ef2bf521249b969'
[    0.845567] Loaded X.509 cert 'Canonical Ltd. Kernel Module Signing: 88f752e560a1e0737e31163a466ad7b70a850c19'
[    0.849239] blacklist: Loading compiled-in revocation X.509 certificates
[    0.851809] Loaded X.509 cert 'Canonical Ltd. Secure Boot Signing: 61482aa2830d0ab2ad5af10b7250da9033ddcef0'
[    0.855446] Loaded X.509 cert 'Canonical Ltd. Secure Boot Signing (2017): 242ade75ac4a15e50d50c84b0d45ff3eae707a03'
[    0.859269] Loaded X.509 cert 'Canonical Ltd. Secure Boot Signing (ESM 2018): 365188c1d374d6b07c3c8f240f8ef722433d6a8b'
[    0.863239] Loaded X.509 cert 'Canonical Ltd. Secure Boot Signing (2019): c0746fd6c5da3ae827864651ad66ae47fe24b3e8'
[    0.867043] Loaded X.509 cert 'Canonical Ltd. Secure Boot Signing (2021 v1): a8d54bbb3825cfb94fa13c9f8a594a195c107b8d'
[    0.870988] Loaded X.509 cert 'Canonical Ltd. Secure Boot Signing (2021 v2): 4cf046892d6fd3c9a5b03f98d845f90851dc6a8c'
[    0.875107] Loaded X.509 cert 'Canonical Ltd. Secure Boot Signing (2021 v3): 100437bb6de6e469b581e61cd66bce3ef4ed53af'
[    0.879846] Loaded X.509 cert 'Canonical Ltd. Secure Boot Signing (Ubuntu Core 2019): c1d57b8f6b743f23ee41f4f7ee292f06eecadfb9'
[    0.884047] zswap: loaded using pool lzo/zbud
[    0.887461] Key type big_key registered
[    0.889018] Key type trusted registered
[    0.891295] Key type encrypted registered
[    0.893018] AppArmor: AppArmor sha1 policy hashing enabled
[    0.895019] ima: No TPM chip found, activating TPM-bypass! (rc=-19)
[    0.897399] ima: Allocated hash algorithm: sha1
[    0.899102] evm: HMAC attrs: 0x1
[    0.900739]   Magic number: 0:498:1003
[    0.902157] input input0: hash matches
[    0.903563] vc vcs: hash matches
[    0.905037] rtc_cmos rtc_cmos: setting system clock to 2024-11-12 20:57:19 UTC (1731445039)
[    0.908215] BIOS EDD facility v0.16 2004-Jun-25, 0 devices found
[    0.910597] EDD information not available.
[    0.963325] Freeing unused kernel image memory: 2480K
[    0.972189] Write protecting the kernel read-only data: 20480k
[    0.974728] Freeing unused kernel image memory: 2008K
[    0.977693] Freeing unused kernel image memory: 1820K
[    0.982362] x86/mm: Checked W+X mappings: passed, no W+X pages found.
Loading, please wait...
starting version 237
[    1.036055] e1000: Intel(R) PRO/1000 Network Driver - version 7.3.21-k8-NAPI
[    1.038785] e1000: Copyright (c) 1999-2006 Intel Corporation.
[    1.043711] Fusion MPT base driver 3.04.20
[    1.045339] Copyright (c) 1999-2008 LSI Corporation
[    1.054538] Fusion MPT SPI Host driver 3.04.20
[    1.066872] SSE version of gcm_enc/dec engaged.
[    1.078872] mptbase: ioc0: Initiating bringup
[    1.189409] ioc0: LSI53C1030 A0: Capabilities={Initiator}
[    1.266516] input: ImExPS/2 Generic Explorer Mouse as /devices/platform/i8042/serio1/input/input4
[    1.436850] scsi host2: ioc0: LSI53C1030 A0, FwRev=00000000h, Ports=1, MaxQ=256, IRQ=20
[    1.609022] scsi 2:0:0:0: Direct-Access     VBOX     HARDDISK         1.0  PQ: 0 ANSI: 5
[    1.615203] scsi target2:0:0: Beginning Domain Validation
[    1.621527] scsi target2:0:0: Domain Validation skipping write tests
[    1.625089] scsi target2:0:0: Ending Domain Validation
[    1.628007] scsi target2:0:0: asynchronous
[    1.631330] scsi 2:0:1:0: Direct-Access     VBOX     HARDDISK         1.0  PQ: 0 ANSI: 5
[    1.635743] scsi target2:0:1: Beginning Domain Validation
[    1.642147] scsi target2:0:1: Domain Validation skipping write tests
[    1.645667] scsi target2:0:1: Ending Domain Validation
[    1.655318] scsi target2:0:1: asynchronous
[    1.737989] sd 2:0:0:0: [sda] 83886080 512-byte logical blocks: (42.9 GB/40.0 GiB)
[    1.741008] sd 2:0:0:0: Attached scsi generic sg0 type 0
[    1.743427] sd 2:0:1:0: [sdb] 20480 512-byte logical blocks: (10.5 MB/10.0 MiB)
[    1.746208] sd 2:0:1:0: Attached scsi generic sg1 type 0
[    1.748434] sd 2:0:1:0: [sdb] Write Protect is off
[    1.750316] sd 2:0:0:0: [sda] Write Protect is off
[    1.752525] sd 2:0:0:0: [sda] Incomplete mode parameter data
[    1.754598] sd 2:0:0:0: [sda] Assuming drive cache: write through
[    1.757004] sd 2:0:1:0: [sdb] Incomplete mode parameter data
[    1.759050] sd 2:0:1:0: [sdb] Assuming drive cache: write through
[    1.770191]  sda: sda1
[    1.772869] sd 2:0:1:0: [sdb] Attached SCSI disk
[    1.786479] sd 2:0:0:0: [sda] Attached SCSI disk
[    2.145942] e1000 0000:00:03.0 eth0: (PCI:33MHz:32-bit) 02:3b:7b:b7:3b:2d
[    2.149694] e1000 0000:00:03.0 eth0: Intel(R) PRO/1000 Network Connection
[    2.614561] e1000 0000:00:08.0 eth1: (PCI:33MHz:32-bit) 08:00:27:47:a0:4f
[    2.617059] e1000 0000:00:08.0 eth1: Intel(R) PRO/1000 Network Connection
[    2.620352] e1000 0000:00:08.0 enp0s8: renamed from eth1
[    2.623499] e1000 0000:00:03.0 enp0s3: renamed from eth0
Begin: Loading essential drivers ... [    4.072048] raid6: sse2x1   gen()  8115 MB/s
[    4.124101] raid6: sse2x1   xor() 13888 MB/s
[    4.176425] raid6: sse2x2   gen() 16226 MB/s
[    4.228752] raid6: sse2x2   xor() 16982 MB/s
[    4.292111] raid6: sse2x4   gen() 26752 MB/s
[    4.344584] raid6: sse2x4   xor() 11954 MB/s
[    4.346554] raid6: using algorithm sse2x4 gen() 26752 MB/s
[    4.348796] raid6: .... xor() 11954 MB/s, rmw enabled
[    4.350848] raid6: using ssse3x2 recovery algorithm
[    4.353876] xor: measuring software checksum speed
[    4.460028]    prefetch64-sse: 60262.000 MB/sec
[    4.565039]    generic_sse: 56892.000 MB/sec
[    4.567051] xor: using function: prefetch64-sse (60262.000 MB/sec)
[    4.570294] async_tx: api initialized (async)
done.
Begin: Running /scripts/init-premount ... done.
Begin: Mounting root file system ... Begin: Running /scripts/local-top ... done.
Begin: Running /scripts/local-premount ... [    4.603237] Btrfs loaded, crc32c=crc32c-intel
Scanning for Btrfs filesystems
done.
Warning: fsck not present, so skipping root file system
[    4.628827] EXT4-fs (sda1): mounted filesystem with ordered data mode. Opts: (null)
done.
Begin: Running /scripts/local-bottom ... done.
Begin: Running /scripts/init-bottom ... done.
[    4.767267] ip_tables: (C) 2000-2006 Netfilter Core Team
[    4.777680] systemd[1]: systemd 237 running in system mode. (+PAM +AUDIT +SELINUX +IMA +APPARMOR +SMACK +SYSVINIT +UTMP +LIBCRYPTSETUP +GCRYPT +GNUTLS +ACL +XZ +LZ4 +SECCOMP +BLKID +ELFUTILS +KMOD -IDN2 +IDN -PCRE2 default-hierarchy=hybrid)
[    4.785505] systemd[1]: Detected virtualization oracle.
[    4.787566] systemd[1]: Detected architecture x86-64.

Welcome to [1mUbuntu 18.04.6 LTS[0m!

[    4.792709] systemd[1]: Set hostname to <ubuntu>.
[    4.797662] systemd[1]: Initializing machine ID from random generator.
[    4.800226] systemd[1]: Installed transient /etc/machine-id file.
[    4.998592] systemd[1]: Reached target Swap.
[[0;32m  OK  [0m] Reached target Swap.
[    5.002139] systemd[1]: Reached target System Time Synchronized.
[[0;32m  OK  [0m] Reached target System Time Synchronized.
[    5.006582] systemd[1]: Reached target User and Group Name Lookups.
[[0;32m  OK  [0m] Reached target User and Group Name Lookups.
[    5.010855] systemd[1]: Set up automount Arbitrary Executable File Formats File System Automount Point.
[[0;32m  OK  [0m] Set up automount Arbitrary Executabâ€¦rmats File System Automount Point.
[[0;32m  OK  [0m] Started Forward Password Requests to Wall Directory Watch.
[[0;32m  OK  [0m] Reached target Mounting snaps.
[[0;32m  OK  [0m] Created slice User and Session Slice.
[[0;32m  OK  [0m] Created slice System Slice.
[[0;32m  OK  [0m] Listening on udev Kernel Socket.
[[0;32m  OK  [0m] Listening on /dev/initctl Compatibility Named Pipe.
[[0;32m  OK  [0m] Listening on fsck to fsckd communication Socket.
[[0;32m  OK  [0m] Listening on Journal Socket (/dev/log).
[[0;32m  OK  [0m] Listening on Syslog Socket.
[[0;32m  OK  [0m] Listening on Network Service Netlink Socket.
[[0;32m  OK  [0m] Reached target Slices.
[[0;32m  OK  [0m] Created slice system-serial\x2dgetty.slice.
[[0;32m  OK  [0m] Listening on Journal Audit Socket.
[[0;32m  OK  [0m] Listening on Journal Socket.
         Starting File System Check on Root Device...
         Mounting POSIX Message Queue File System...
         Starting Set the console keyboard layout...
         Starting Create list of required stâ€¦ce nodes for the current kernel...
         Starting Load Kernel Modules...
         Starting Uncomplicated firewall...
         Mounting Kernel Debug File System...
         Starting Journal Service...
[[0;32m  OK  [0m] Listening on LVM2 poll daemon socket.
[[0;32m  OK  [0m] Listening on Device-mapper event daemon FIFOs.
[[0;32m  OK  [0m] Listening on LVM2 metadata daemon socket.
         Starting Monitoring of LVM2 mirrorsâ€¦ng dmeventd or progress polling...
[[0;32m  OK  [0m] [    5.093495] Loading iSCSI transport class v2.0-870.
Listening on udev Control Socket.
         Mounting Huge Pages File System...
[    5.099876] iscsi: registered transport (tcp)
[[0;32m  OK  [0m] Reached target Mounted snaps.
         Starting udev Coldplug all Devices...
[[0;32m  OK  [0m] Mounted POSIX Message Queue File System.
[[0;32m  OK  [0m] Started Create list of required staâ€¦vice nodes for the current kernel.
[[0;32m  OK  [0m] Mounted Kernel Debug File System.
[[0;32m  OK  [0m] Started Uncomplicated firewall.
[[0;32m  OK  [0m] Started File System Check on Root Device.
[[0;32m  OK  [0m] Mounted Huge Pages File System.
[[0;32m  OK  [0m] Started File System Check Daemon to report status.
         Starting Remount Root and Kernel File Systems...
         Starting Create Static Device Nodes in /dev...
[[0;32m  OK  [0m] Started Journal Service.
[[0;32m  OK  [0m] Started LVM2 metadata daemon.
[    5.182583] iscsi: registered transport (iser)
[[0;32m  OK  [0m] Started Load Kernel Modules.
         Mounting FUSE Control File System...
         Mounting Kernel Configuration File System...
         Starting Apply Kernel Variables...
[[0;32m  OK  [0m] Mounted FUSE Control File System.
[[0;32m  OK  [0m] Mounted Kernel Configuration File System.
[[0;32m  OK  [0m] Started udev Coldplug all Devices.
[[0;32m  OK  [0m] Started Create Static Device Nodes in /dev.
[[0;32m  OK  [0m] Started Remount Root and Kernel File Systems.
         Starting udev Kernel Device Manager...
         Starting Flush Journal to Persistent Storage...
         Starting Load/Save Random Seed...
[[0;32m  OK  [0m] Started Apply Kernel Variables.
[[0;32m  OK  [0m] Started Monitoring of LVM2 mirrors,â€¦sing dmeventd or progress polling.
[[0;32m  OK  [0m] Started udev Kernel Device Manager.
[[0;32m  OK  [0m] Started Load/Save Random Seed.
[[0;32m  OK  [0m] Started Flush Journal to Persistent Storage.
[[0;32m  OK  [0m] Found device /dev/ttyS0.
[[0;32m  OK  [0m] Listening on Load/Save RF Kill Switch Status /dev/rfkill Watch.
[[0;32m  OK  [0m] Started Set the console keyboard layout.
[[0;32m  OK  [0m] Reached target Local File Systems (Pre).
[[0;32m  OK  [0m] Reached target Local File Systems.
         Starting Set console font and keymap...
         Starting ebtables ruleset management...
         Starting Commit a transient machine-id on disk...
         Starting AppArmor initialization...
         Starting Create Volatile Files and Directories...
         Starting Tell Plymouth To Write Out Runtime Data...
[[0;32m  OK  [0m] Started Dispatch Password Requests to Console Directory Watch.
[[0;32m  OK  [0m] Reached target Local Encrypted Volumes.
[[0;32m  OK  [0m] Started Tell Plymouth To Write Out Runtime Data.
[[0;32m  OK  [0m] Started Commit a transient machine-id on disk.
[[0;32m  OK  [0m] Started Create Volatile Files and Directories.
         Starting Update UTMP about System Boot/Shutdown...
[[0;32m  OK  [0m] Started Update UTMP about System Boot/Shutdown.
         Mounting Arbitrary Executable File Formats File System...
[[0;32m  OK  [0m] Mounted Arbitrary Executable File Formats File System.
[[0;32m  OK  [0m] Started ebtables ruleset management.
[[0;32m  OK  [0m] Started Set console font and keymap.
[[0;32m  OK  [0m] Started AppArmor initialization.
         Starting Load AppArmor profiles managed internally by snapd...
         Starting Initial cloud-init job (pre-networking)...
[[0;32m  OK  [0m] Started Load AppArmor profiles managed internally by snapd.
[    7.908624] cloud-init[795]: Cloud-init v. 23.1.2-0ubuntu0~18.04.1 running 'init-local' at Tue, 12 Nov 2024 20:57:26 +0000. Up 7.72 seconds.
[[0;32m  OK  [0m] Started Initial cloud-init job (pre-networking).
[[0;32m  OK  [0m] Reached target Network (Pre).
         Starting Network Service...
[[0;32m  OK  [0m] Started Network Service.
         Starting Wait for Network to be Configured...
         Starting Network Name Resolution...
[[0;32m  OK  [0m] Started Network Name Resolution.
[[0;32m  OK  [0m] Reached target Host and Network Name Lookups.
[[0;32m  OK  [0m] Reached target Network.
[[0;32m  OK  [0m] Started Wait for Network to be Configured.
         Starting Initial cloud-init job (metadata service crawler)...
[   10.182521] cloud-init[877]: Cloud-init v. 23.1.2-0ubuntu0~18.04.1 running 'init' at Tue, 12 Nov 2024 20:57:28 +0000. Up 10.11 seconds.
[   10.188291] cloud-init[877]: ci-info: ++++++++++++++++++++++++++++++++++++++Net device info+++++++++++++++++++++++++++++++++++++++
[   10.191683] cloud-init[877]: ci-info: +--------+-------+----------------------------+---------------+--------+-------------------+
[   10.199423] cloud-init[877]: ci-info: | Device |   Up  |          Address           |      Mask     | Scope  |     Hw-Address    |
[   10.206758] cloud-init[877]: ci-info: +--------+-------+----------------------------+---------------+--------+-------------------+
[   10.211628] cloud-init[877]: ci-info: | enp0s3 |  True |         10.0.2.15          | 255.255.255.0 | global | 02:3b:7b:b7:3b:2d |
[   10.219460] cloud-init[877]: ci-info: | enp0s3 |  True | fd00::3b:7bff:feb7:3b2d/64 |       .       | global | 02:3b:7b:b7:3b:2d |
[   10.222256] cloud-init[877]: ci-info: | enp0s3 |  True | fe80::3b:7bff:feb7:3b2d/64 |       .       |  link  | 02:3b:7b:b7:3b:2d |
[   10.230094] cloud-init[877]: ci-info: | enp0s8 | False |             .              |       .       |   .    | 08:00:27:47:a0:4f |
[   10.232879] cloud-init[877]: ci-info: |   lo   |  True |         127.0.0.1          |   255.0.0.0   |  host  |         .         |
[   10.239816] cloud-init[877]: ci-info: |   lo   |  True |          ::1/128           |       .       |  host  |         .         |
[   10.243493] cloud-init[877]: ci-info: +--------+-------+----------------------------+---------------+--------+-------------------+
[   10.247672] cloud-init[877]: ci-info: ++++++++++++++++++++++++++++Route IPv4 info+++++++++++++++++++++++++++++
[   10.256527] cloud-init[877]: ci-info: +-------+-------------+----------+-----------------+-----------+-------+
[   10.258945] cloud-init[877]: ci-info: | Route | Destination | Gateway  |     Genmask     | Interface | Flags |
[   10.262330] cloud-init[877]: ci-info: +-------+-------------+----------+-----------------+-----------+-------+
[   10.265616] cloud-init[877]: ci-info: |   0   |   0.0.0.0   | 10.0.2.2 |     0.0.0.0     |   enp0s3  |   UG  |
[   10.270097] cloud-init[877]: ci-info: |   1   |   10.0.2.0  | 0.0.0.0  |  255.255.255.0  |   enp0s3  |   U   |
[   10.278538] cloud-init[877]: ci-info: |   2   |   10.0.2.2  | 0.0.0.0  | 255.255.255.255 |   enp0s3  |   UH  |
[   10.284757] cloud-init[877]: ci-info: +-------+-------------+----------+-----------------+-----------+-------+
[   10.287306] cloud-init[877]: ci-info: +++++++++++++++++++Route IPv6 info+++++++++++++++++++
[   10.292268] cloud-init[877]: ci-info: +-------+-------------+---------+-----------+-------+
[   10.297833] cloud-init[877]: ci-info: | Route | Destination | Gateway | Interface | Flags |
[   10.300345] cloud-init[877]: ci-info: +-------+-------------+---------+-----------+-------+
[   10.308602] cloud-init[877]: ci-info: |   1   |  fd00::/64  |    ::   |   enp0s3  |   U   |
[   10.312277] cloud-init[877]: ci-info: |   2   |  fe80::/64  |    ::   |   enp0s3  |   U   |
[   10.316563] cloud-init[877]: ci-info: |   3   |     ::/0    | fe80::2 |   enp0s3  |   UG  |
[   10.320611] cloud-init[877]: ci-info: |   5   |    local    |    ::   |   enp0s3  |   U   |
[   10.322797] cloud-init[877]: ci-info: |   6   |   ff00::/8  |    ::   |   enp0s3  |   U   |
[   10.325035] cloud-init[877]: ci-info: +-------+-------------+---------+-----------+-------+
[   10.815362] cloud-init[877]: Generating public/private rsa key pair.
[   10.817709] cloud-init[877]: Your identification has been saved in /etc/ssh/ssh_host_rsa_key.
[   10.829891] cloud-init[877]: Your public key has been saved in /etc/ssh/ssh_host_rsa_key.pub.
[   10.832520] cloud-init[877]: The key fingerprint is:
[   10.834173] cloud-init[877]: SHA256:GrmWWIArFI7QOnyjb+L5G/CIdVPKL37gsmpPSzqfRps root@ubuntu-bionic
[   10.836474] cloud-init[877]: The key's randomart image is:
[   10.838178] cloud-init[877]: +---[RSA 2048]----+
[   10.850800] cloud-init[877]: |.o               |
[   10.853035] cloud-init[877]: |+ o.             |
[   10.854700] cloud-init[877]: |o+. . .          |
[   10.856499] cloud-init[877]: |+. = + .         |
[   10.858153] cloud-init[877]: |.o= * + S        |
[   10.859845] cloud-init[877]: |.++o.= =         |
[   10.866025] cloud-init[877]: |..o*=.*          |
[   10.867722] cloud-init[877]: | +*E=o.          |
[[0;32m  OK  [0m] Started Initial cloud-init job (metadata service crawler).
[[0;32m  OK  [0m] Reached target System Initialization.
[   10.874087] cloud-init[877]: |+=XXo.           |
[   10.876219] cloud-init[[0;32m  OK  [0m] Started ACPI Events Check.
[[0;32m  OK  [0m] Started Message of the Day.[877]: +----[SHA256]-----+
[   10.881279] cloud-init[877]: Generating public/private dsa key pair.
[   10.883217] cloud-init[877]: 
[[0;32m  OK  [0m] Listening on ACPID Listen Socket.
[[0;32m  OK  [0m] Started Daily apt download activities.
[[0;32m  OK  [0m] Listening on UUID daemon activation socket.
[[0;32m  OK  [0m] Reached target Paths.
Your identification has been saved in /etc/ssh/ssh_host_dsa_key.
[[0;32m  OK  [0m] Listening on D-Bus System Message Bus Socket.
[   10.899592] cloud-init[877]: Your public key has been saved in /etc/ssh/ssh_host_dsa_key.pub.
[[0;32m  OK  [0m] Started Ubuntu Advantage Timer for running repeated jobs.
[   10.903952] cloud-init[877]: The key fingerprint is:
[[0;32m  OK  [0m] Started Daily apt upgrade and clean activities.
[   10.908179] cloud-init[877]: SHA256:5g2NkB66E64F278F5jfelug+CCTlQ8HvPhQ9+jw9aWA root@ubuntu-bionic
[   10.910477] cloud-init[877]: The key's randomart image is:
[   10.912435]          Starting LXD - unix socket.
         Starting Socket activation for snappy daemon.
[cloud-init[877]: +---[DSA 1024]----+
[   10.917495] cloud-init[877]: |   ...           |
[   10.919174] cloud-init[877]: [0;32m  OK  [0m] Listening on Open-iSCSI iscsid Socket.
[[0;32m  OK  [0m] Listening on cloud-init hotplug hook socket.
[[0;32m  OK  [0m] Started Daily Cleanup of Temporary Directories.
[[0;32m  OK  [0m] Started Discard unused blocks once a week.|    +  .         |
[[0;32m  OK  [0m] Reached target Timers.
[[0;32m  OK  [0m] Reached target Cloud-config availability.
[   10.936760] cloud-init[877]: |   + .+.         |
[   10.938385] cloud-init[877]: |  . +ooooo       |
[   10.939977] 
[[0;32m  OK  [0m] Reached target Network is Online.
[[0;32m  OK  [0m] Reached target Remote File Systems (Pre).cloud-init[877]: |  .ooo+oS..      |
[   10.946178] cloud-init[877]: |   =.=++Eo       |
[   10.947850] 
[[0;32m  OK  [0m] Reached target Remote File Systems.
cloud-init[877]: |  . *+.==+.o     |
         Starting Availability of block devices...
[   10.953350] cloud-init[877]: |   o o++*oB      |
[[0;32m  OK  [0m] Listening on LXD - unix socket.
[[0;32m  OK  [0m] Listening on Socket activation for snappy daemon.
[[0;32m  OK  [0m] Started Availability of block devices.
[[0;32m  OK  [0m] Reached target Sockets.
[   10.967403] cloud-init[877]: |  .   o=+=..     |
[[0;32m  OK  [0m] Reached target Basic System.
[   10.971268] cloud-init[877]:          Starting Accounts Service...
+----[SHA256]-----+         Starting Login Service...

[   10.979425] cloud-init         Starting LSB: automatic crash report generation...
[877]: Generating public/private ecdsa key pair.
[[0;32m  OK  [0m] Started FUSE filesystem for LXC.
         Starting Virtualbox guest utils...
[[0;32m  OK  [0m] Started D-Bus System Message Bus.
[   10.995989] cloud-init[877]: Your identification has been saved in /etc/ssh/ssh_host_ecdsa_key.
[   11.006260] cloud-init[877]: Your public key has been saved in /etc/ssh/ssh_host_ecdsa_key.pub.
[   11.011294] cloud-init[877]: The key fingerprint is:
[   11.014506] cloud-init[877]: SHA256:mbcwnxC63qedaUA3wOzHQg2dNz+RHmV09HmJ7lFHAj0 root@ubuntu-bionic
[   11.022102] cloud-init[877]: The key's randomart image is:
[   11.029184] cloud-init[877]: +---[ECDSA 256]---+
[   11.032634] cloud-init[877]: |       o.+ ..o.=B|
[   11.038790] cloud-init[877]: |        = + o E+=|
[   11.042603] cloud-init[877]: |       o.o . = B+|
[   11.049658] cloud-init[877]: |       .++= . = o|
[   11.056526] cloud-init[877]:          Starting System Logging Service...
|      ..S+.. o . |
[   11.065775] cloud-init[877]: |       ..* o. .  |
[[0;32m  OK  [0m] Started irqbalance daemon.
[[0;32m  OK  [0m] Started Deferred execution scheduler.
[   11.074678]          Starting LXD - container startup/shutdown...
cloud-init[877]: |      .  .+  .   |
[   11.083356] cloud-init[877]: |     . . .oo     |
[   11.090490] cloud-init[877]: |      . o++      |
[   11.095215] cloud-init[877]: +----[SHA256]-----+
[   11.099260] cloud-init[877]: Generating public/private ed25519 key pair.
[   11.101852] cloud-init[877]: Your identification has been saved in /etc/ssh/ssh_host_ed25519_key.
[[0;32m  OK  [0m] Started Regular background program processing daemon.
         Starting Permit User Sessions...
[   11.115254] cloud-init[877]: Your public key has been saved in /etc/ssh/ssh_host_ed25519_key.pub.
[   11.121049] cloud-init[877]: The key fingerprint is:
         Starting Pollinate to seed the pseudo random number generator...
         Starting LSB: Record successful boot for GRUB...
[   11.131754] cloud-init[877]: SHA256:WLdmB+5NkRlHtP17bDxtqxSY451rezx4IGMvWwuf4Mo root@ubuntu-bionic
[   11.138458] cloud-init[877]: The key's randomart image is:
[   11.145754] cloud-init[877]: +--[ED25519 256]--+
[   11.151154] cloud-init[877]: |            .o+  |
[   11.156492] cloud-init[877]: |             = o |
[   11.162568] cloud-init[877]: |        . o + . .|
[   11.169449] cloud-init[877]: |       o o oo.  .|
[   11.179777] cloud-init[877]: |      . S =+o.  .|
[   11.182537] cloud-init[877]: |         +.Bo.ooo|         Starting Snap Daemon...
[[0;32m  OK  [0m] Reached target Login Prompts (Pre).
         Starting Dispatcher daemon for systemd-networkd...
[   11.192860] cloud-init[877]: |          o+==+oB|

[[0;32m  OK  [0m] Started System Logging Service.
[   11.200994] cloud-init[877]: [[0;32m  OK  [0m] Started Permit User Sessions.
|        . ..*++B+|
[   11.223369] cloud-init[877]: |         E.o+B=..|
[   11.229879] cloud-init[877]: +----[SHA256]-----+
[[0;32m  OK  [0m] Started Login Service.
[[0;32m  OK  [0m] Started LSB: automatic crash report generation.
[[0;32m  OK  [0m] Started LXD - container startup/shutdown.
         Starting Authorization Manager...
[[0;32m  OK  [0m] Started Unattended Upgrades Shutdown.
         Starting Hostname Service...
         Starting Hold until boot process finishes up...
         Starting Terminate Plymouth Boot Screen...
[[0;32m  OK  [0m] Started Hold until boot process finishes up.
         Starting Set console scheme...
[[0;32m  OK  [0m] Started Serial Getty on ttyS0.
[[0;32m  OK  [0m] Started Terminate Plymouth Boot Screen.
[[0;32m  OK  [0m] Started Set console scheme.
[[0;32m  OK  [0m] Created slice system-getty.slice.
[[0;32m  OK  [0m] Started Getty on tty1.
[[0;32m  OK  [0m] Reached target Login Prompts.
[[0;32m  OK  [0m] Started Hostname Service.
[[0;32m  OK  [0m] Started Virtualbox guest utils.
[[0;32m  OK  [0m] Started LSB: Record successful boot for GRUB.
[[0;32m  OK  [0m] Started Authorization Manager.
[[0;32m  OK  [0m] Started Accounts Service.
[[0;32m  OK  [0m] Started Dispatcher daemon for systemd-networkd.
[[0;32m  OK  [0m] Started Snap Daemon.
         Starting Wait until snapd is fully seeded...
         Starting Time & Date Service...
[[0;32m  OK  [0m] Started Time & Date Service.

Ubuntu 18.04.6 LTS ubuntu-bionic ttyS0

ubuntu-bionic login:          Starting The Apache HTTP Server...
[[0;32m  OK  [0m] Started The Apache HTTP Server.
[[0;32m  OK  [0m] Started Wait until snapd is fully seeded.
         Starting Apply the settings specified in cloud-config...
[   57.033738] cloud-init[3309]: Cloud-init v. 23.1.2-0ubuntu0~18.04.1 running 'modules:config' at Tue, 12 Nov 2024 20:58:14 +0000. Up 56.35 seconds.
[[0;32m  OK  [0m] Started Apply the settings specified in cloud-config.
[[0;32m  OK  [0m] Reached target Multi-User System.
         Starting Execute cloud user/final scripts...
[[0;32m  OK  [0m] Reached target Graphical Interface.
         Starting Update UTMP about System Runlevel Changes...
[[0;32m  OK  [0m] Started Update UTMP about System Runlevel Changes.
         Stopping User Manager for UID 1000...
[[0;32m  OK  [0m] Stopped User Manager for UID 1000.
[[0;32m  OK  [0m] Removed slice User Slice of vagrant.
ci-info: no authorized SSH keys fingerprints found for user ubuntu.
<14>Nov 12 20:58:16 cloud-init: #############################################################
<14>Nov 12 20:58:16 cloud-init: -----BEGIN SSH HOST KEY FINGERPRINTS-----
<14>Nov 12 20:58:16 cloud-init: 1024 SHA256:5g2NkB66E64F278F5jfelug+CCTlQ8HvPhQ9+jw9aWA root@ubuntu-bionic (DSA)
<14>Nov 12 20:58:16 cloud-init: 256 SHA256:mbcwnxC63qedaUA3wOzHQg2dNz+RHmV09HmJ7lFHAj0 root@ubuntu-bionic (ECDSA)
<14>Nov 12 20:58:16 cloud-init: 256 SHA256:WLdmB+5NkRlHtP17bDxtqxSY451rezx4IGMvWwuf4Mo root@ubuntu-bionic (ED25519)
<14>Nov 12 20:58:16 cloud-init: 2048 SHA256:GrmWWIArFI7QOnyjb+L5G/CIdVPKL37gsmpPSzqfRps root@ubuntu-bionic (RSA)
<14>Nov 12 20:58:16 cloud-init: -----END SSH HOST KEY FINGERPRINTS-----
<14>Nov 12 20:58:16 cloud-init: #############################################################
-----BEGIN SSH HOST KEY KEYS-----
ecdsa-sha2-nistp256 AAAAE2VjZHNhLXNoYTItbmlzdHAyNTYAAAAIbmlzdHAyNTYAAABBBJaTEME3Cv8Lb4Vj1QdYnIBfthRwN8mhKleX+NcnpSLo9VfHuDghsngKD72MXv756VfminJP/8lvINdLnj5+E28= root@ubuntu-bionic
ssh-ed25519 AAAAC3NzaC1lZDI1NTE5AAAAIAJPrzW/FCmr1PdYU/cJG+hXldqBcB1/++WqYntn5IDJ root@ubuntu-bionic
ssh-rsa AAAAB3NzaC1yc2EAAAADAQABAAABAQDHlwZ4wsoj7JjAQEHITqExJFiFKfEEx8c/8kqueoY3qXkbqaMIWdVRGM85ORr+5+3FhWqa3aJ4UOSyvol7nxw4+xGYpMGj7/3yuck5kTk+Izc4UjMv9Gxil2a9tN630Kz77kI2aUHXu+WzK62ndpvZQ51ZXTsc6lnwyWgX29jsbiOoTvLdE+gs3yoV5Deqwud9GBMcn4beoViwXc10xZgwycVdjNbQbO79Z0iH3Gjr8C0Opdzsy8U3HAyjOXIbIjizmKc8YM1UaBjDbEnheeCJePvtl5lw4TUx0lPPBvAGhY03Khjrx0B/NOE7ifDyN7DjLDT7Op2z8xVGyAltGsq1 root@ubuntu-bionic
-----END SSH HOST KEY KEYS-----
[   57.619276] cloud-init[3381]: Cloud-init v. 23.1.2-0ubuntu0~18.04.1 running 'modules:final' at Tue, 12 Nov 2024 20:58:16 +0000. Up 57.47 seconds.
[   57.622192] cloud-init[3381]: Cloud-init v. 23.1.2-0ubuntu0~18.04.1 finished at Tue, 12 Nov 2024 20:58:16 +0000. Datasource DataSourceNoCloud [seed=/dev/sdb][dsmode=net].  Up 57.61 seconds
[[0;32m  OK  [0m] Started Execute cloud user/final scripts.
[[0;32m  OK  [0m] Reached target Cloud-init target.
[[0;32m  OK  [0m] Stopped Unattended Upgrades Shutdown.
         Stopping Session 5 of user vagrant.
[[0;32m  OK  [0m] Stopped target Cloud-init target.
[[0;32m  OK  [0m] Stopped Execute cloud user/final scripts.
[[0;32m  OK  [0m] Stopped Apply the settings specified in cloud-config.
[[0;32m  OK  [0m] Stopped target Cloud-config availability.
[[0;32m  OK  [0m] Stopped target Graphical Interface.
         Stopping User Manager for UID 1000...
         Stopping Authorization Manager...
         Stopping Accounts Service...
[[0;32m  OK  [0m] Stopped target Multi-User System.
         Stopping Virtualbox guest utils...
         Stopping LSB: automatic crash report generation...
[[0;32m  OK  [0m] Stopped target Login Prompts.
         Stopping Serial Getty on ttyS0...
         Stopping Getty on tty1...
         Stopping LSB: Record successful boot for GRUB...
         Stopping D-Bus System Message Bus...
         Stopping Deferred execution scheduler...
         Stopping LXD - container startup/shutdown...
         Stopping FUSE filesystem for LXC...
         Stopping System Logging Service...
         Stopping Dispatcher daemon for systemd-networkd...
         Stopping The Apache HTTP Server...
[[0;32m  OK  [0m] Closed Load/Save RF Kill Switch Status /dev/rfkill Watch.
         Stopping Regular background program processing daemon...
[[0;32m  OK  [0m] Stopped Wait until snapd is fully seeded.
         Stopping Availability of block devices...
[[0;32m  OK  [0m] Stopped target Timers.
[[0;32m  OK  [0m] Stopped Discard unused blocks once a week.
[[0;32m  OK  [0m] Stopped Message of the Day.
[[0;32m  OK  [0m] Stopped Daily apt upgrade and clean activities.
[[0;32m  OK  [0m] Stopped Daily apt download activities.
[[0;32m  OK  [0m] Stopped target System Time Synchronized.
[[0;32m  OK  [0m] Stopped Daily Cleanup of Temporary Directories.
[[0;32m  OK  [0m] Stopped Ubuntu Advantage Timer for running repeated jobs.
         Stopping OpenBSD Secure Shell server...
[[0;32m  OK  [0m] Unmounted /var/lib/lxcfs.
[[0;32m  OK  [0m] Stopped Accounts Service.
[[0;32m  OK  [0m] Stopped System Logging Service.
[[0;32m  OK  [0m] Stopped Deferred execution scheduler.
[[0;32m  OK  [0m] Stopped Regular background program processing daemon.
[[0;32m  OK  [0m] Stopped Dispatcher daemon for systemd-networkd.
[[0;32m  OK  [0m] Stopped Authorization Manager.
[[0;32m  OK  [0m] Stopped Serial Getty on ttyS0.
[[0;32m  OK  [0m] Stopped Getty on tty1.
[[0;32m  OK  [0m] Stopped OpenBSD Secure Shell server.
[[0;32m  OK  [0m] Stopped User Manager for UID 1000.
[[0;32m  OK  [0m] Stopped D-Bus System Message Bus.
[[0;32m  OK  [0m] Stopped The Apache HTTP Server.
[[0;32m  OK  [0m] Stopped Availability of block devices.
[[0;32m  OK  [0m] Stopped FUSE filesystem for LXC.
[[0;32m  OK  [0m] Stopped Session 5 of user vagrant.
[[0;32m  OK  [0m] Stopped target Host and Network Name Lookups.
[[0;32m  OK  [0m] Removed slice User Slice of vagrant.
         Stopping Login Service...
[[0;32m  OK  [0m] Removed slice system-getty.slice.
         Stopping Permit User Sessions...
[[0;32m  OK  [0m] Removed slice system-serial\x2dgetty.slice.
[[0;32m  OK  [0m] Stopped target Login Prompts (Pre).
[[0;32m  OK  [0m] Stopped Login Service.
[[0;32m  OK  [0m] Stopped Permit User Sessions.
[[0;32m  OK  [0m] Stopped target User and Group Name Lookups.
[[0;32m  OK  [0m] Stopped LSB: Record successful boot for GRUB.
[[0;32m  OK  [0m] Stopped LXD - container startup/shutdown.
[[0;32m  OK  [0m] Stopped LSB: automatic crash report generation.
[[0;32m  OK  [0m] Stopped target Remote File Systems.
         Unmounting /var/www/html...
         Unmounting /vagrant...
[[0;32m  OK  [0m] Stopped Virtualbox guest utils.
[[0;32m  OK  [0m] Unmounted /var/www/html.
[[0;32m  OK  [0m] Unmounted /vagrant.
[[0;32m  OK  [0m] Stopped target Remote File Systems (Pre).
[[0;32m  OK  [0m] Stopped target Network is Online.
[[0;32m  OK  [0m] Stopped target Network.
         Stopping Network Name Resolution...
[[0;32m  OK  [0m] Stopped target Basic System.
[[0;32m  OK  [0m] Stopped target Paths.
[[0;32m  OK  [0m] Stopped ACPI Events Check.
[[0;32m  OK  [0m] Stopped target Slices.
[[0;32m  OK  [0m] Removed slice User and Session Slice.
[[0;32m  OK  [0m] Stopped target Sockets.
[[0;32m  OK  [0m] Closed ACPID Listen Socket.
[[0;32m  OK  [0m] Closed Open-iSCSI iscsid Socket.
[[0;32m  OK  [0m] Closed LXD - unix socket.
[[0;32m  OK  [0m] Closed cloud-init hotplug hook socket.
[[0;32m  OK  [0m] Closed Syslog Socket.
[[0;32m  OK  [0m] Closed Socket activation for snappy daemon.
[[0;32m  OK  [0m] Closed UUID daemon activation socket.
[[0;32m  OK  [0m] Closed D-Bus System Message Bus Socket.
[[0;32m  OK  [0m] Stopped target System Initialization.
         Stopping Update UTMP about System Boot/Shutdown...
[[0;32m  OK  [0m] Stopped Initial cloud-init job (metadata service crawler).
[[0;32m  OK  [0m] Stopped Commit a transient machine-id on disk.
[[0;32m  OK  [0m] Stopped target Local Encrypted Volumes.
[[0;32m  OK  [0m] Stopped Forward Password Requests to Wall Directory Watch.
[[0;32m  OK  [0m] Stopped Dispatch Password Requests to Console Directory Watch.
         Stopping Load/Save Random Seed...
[[0;32m  OK  [0m] Stopped Network Name Resolution.
[[0;32m  OK  [0m] Stopped Load/Save Random Seed.
         Stopping Network Service...
[[0;32m  OK  [0m] Stopped Update UTMP about System Boot/Shutdown.
[[0;32m  OK  [0m] Stopped Create Volatile Files and Directories.
[[0;32m  OK  [0m] Stopped target Local File Systems.
         Unmounting /run/user/1000...
[[0;32m  OK  [0m] Stopped target Mounted snaps.
[[0;32m  OK  [0m] Stopped target Mounting snaps.
[[0;32m  OK  [0m] Unmounted /run/user/1000.
[[0;32m  OK  [0m] Reached target Unmount All Filesystems.
[[0;32m  OK  [0m] Stopped target Swap.
[[0;32m  OK  [0m] Stopped target Local File Systems (Pre).
[[0;32m  OK  [0m] Stopped Create Static Device Nodes in /dev.
         Stopping Monitoring of LVM2 mirrorsâ€¦ng dmeventd or progress polling...
[[0;32m  OK  [0m] Stopped Network Service.
[[0;32m  OK  [0m] Stopped Apply Kernel Variables.
[[0;32m  OK  [0m] Stopped Load Kernel Modules.
[[0;32m  OK  [0m] Stopped target Network (Pre).
[[0;32m  OK  [0m] Stopped Initial cloud-init job (pre-networking).
[[0;32m  OK  [0m] Stopped Remount Root and Kernel File Systems.
[[0;32m  OK  [0m] Reached target Shutdown.
[[0;32m  OK  [0m] Reached target Final Step.
         Starting Power-Off...
[[0;32m  OK  [0m] Stopped Monitoring of LVM2 mirrors,â€¦sing dmeventd or progress polling.
         Stopping LVM2 metadata daemon...
[[0;32m  OK  [0m] Stopped LVM2 metadata daemon.
[  249.342237] reboot: Power down
